[C:/Мои Web Сайты/Mundo копия/dmitry-hvac.ru/wp-content/themes/hvac/img/spoiler.png]
[C:/Мои Web Сайты/Mundo копия/backblue.gif]
[C:/Мои Web Сайты/Mundo копия/fade.gif]
[C:/Мои Web Сайты/Mundo копия/index.html]
[C:/Мои Web Сайты/Mundo копия/dmitry-hvac.ru/wp-includes/css/dist/block-library/style.min6c2d.css]
[C:/Мои Web Сайты/Mundo копия/dmitry-hvac.ru/feed/index.html]
[C:/Мои Web Сайты/Mundo копия/dmitry-hvac.ru/wp-content/themes/hvac/style8a54.css]
[C:/Мои Web Сайты/Mundo копия/dmitry-hvac.ru/comments/feed/index.html]
[C:/Мои Web Сайты/Mundo копия/dmitry-hvac.ru/wp-includes/js/jquery/jquery.minf43b.js]
[C:/Мои Web Сайты/Mundo копия/dmitry-hvac.ru/wp-includes/js/jquery/jquery-migrate.min5589.js]
[C:/Мои Web Сайты/Mundo копия/dmitry-hvac.ru/wp-json/wp/v2/pages/6.json]
[C:/Мои Web Сайты/Mundo копия/dmitry-hvac.ru/wp-json/index.html]
[C:/Мои Web Сайты/Mundo копия/dmitry-hvac.ru/wp-json/oembed/1.0/embed7da4.json]
[C:/Мои Web Сайты/Mundo копия/dmitry-hvac.ru/wp-json/oembed/1.0/embed8f5b]
[C:/Мои Web Сайты/Mundo копия/dmitry-hvac.ru/wp-content/uploads/2024/01/cropped-cropped-spoiler-32x32.png]
[C:/Мои Web Сайты/Mundo копия/dmitry-hvac.ru/wp-content/uploads/2024/01/cropped-cropped-spoiler-192x192.png]
[C:/Мои Web Сайты/Mundo копия/dmitry-hvac.ru/wp-content/uploads/2024/01/cropped-cropped-spoiler-180x180.png]
[C:/Мои Web Сайты/Mundo копия/dmitry-hvac.ru/wp-content/themes/hvac/js/jquery-3.6.1.min.js]
[C:/Мои Web Сайты/Mundo копия/dmitry-hvac.ru/wp-content/themes/hvac/js/gsap/gsap.min.js]
[C:/Мои Web Сайты/Mundo копия/dmitry-hvac.ru/wp-content/themes/hvac/js/TweenMax.min.js]
[C:/Мои Web Сайты/Mundo копия/dmitry-hvac.ru/wp-content/themes/hvac/js/gsap/ScrollTrigger.js]
[C:/Мои Web Сайты/Mundo копия/dmitry-hvac.ru/wp-content/themes/hvac/js/gsap/ScrollToPlugin.min.js]
[C:/Мои Web Сайты/Mundo копия/dmitry-hvac.ru/wp-content/themes/hvac/js/splide.min.js]
[C:/Мои Web Сайты/Mundo копия/dmitry-hvac.ru/wp-content/themes/hvac/css/splide.min.css]
[C:/Мои Web Сайты/Mundo копия/dmitry-hvac.ru/wp-content/themes/hvac/css/style2.css]
[C:/Мои Web Сайты/Mundo копия/dmitry-hvac.ru/wp-content/themes/hvac/img/close.svg]
[C:/Мои Web Сайты/Mundo копия/dmitry-hvac.ru/wp-content/themes/hvac/img/wap.svg]
[C:/Мои Web Сайты/Mundo копия/dmitry-hvac.ru/wp-content/themes/hvac/img/tgm.svg]
[C:/Мои Web Сайты/Mundo копия/dmitry-hvac.ru/wp-content/themes/hvac/img/logo_head.svg]
[C:/Мои Web Сайты/Mundo копия/dmitry-hvac.ru/wp-content/uploads/2023/12/hero_1-1.png]
[C:/Мои Web Сайты/Mundo копия/dmitry-hvac.ru/konsultatsiya/index.html]
[C:/Мои Web Сайты/Mundo копия/dmitry-hvac.ru/blog/index.html]
[C:/Мои Web Сайты/Mundo копия/dmitry-hvac.ru/primery-rabot/index.html]
[C:/Мои Web Сайты/Mundo копия/dmitry-hvac.ru/contacts/index.html]
[C:/Мои Web Сайты/Mundo копия/dmitry-hvac.ru/wp-content/themes/hvac/img/tg.svg]
[C:/Мои Web Сайты/Mundo копия/dmitry-hvac.ru/wp-content/themes/hvac/img/vk.svg]
[C:/Мои Web Сайты/Mundo копия/dmitry-hvac.ru/wp-content/themes/hvac/img/yt.svg]
[C:/Мои Web Сайты/Mundo копия/dmitry-hvac.ru/wp-content/uploads/2023/12/hero_1_mob.png]
[C:/Мои Web Сайты/Mundo копия/dmitry-hvac.ru/wp-content/themes/hvac/img/serv_arrow.svg]
[C:/Мои Web Сайты/Mundo копия/dmitry-hvac.ru/wp-content/themes/hvac/img/btnarrow_w.svg]
[C:/Мои Web Сайты/Mundo копия/dmitry-hvac.ru/wp-content/uploads/2024/01/photo_2024-01-14_14-02-14.jpg]
[C:/Мои Web Сайты/Mundo копия/dmitry-hvac.ru/wp-content/uploads/2024/01/photo_2023-10-29_12-20-48-2.jpg]
[C:/Мои Web Сайты/Mundo копия/dmitry-hvac.ru/wp-content/uploads/2024/01/photo_2023-11-05_14-01-14-2.jpg]
[C:/Мои Web Сайты/Mundo копия/dmitry-hvac.ru/wp-content/themes/hvac/img/tool.png]
[C:/Мои Web Сайты/Mundo копия/dmitry-hvac.ru/wp-content/themes/hvac/img/s1.png]
[C:/Мои Web Сайты/Mundo копия/dmitry-hvac.ru/wp-content/themes/hvac/img/s2.png]
[C:/Мои Web Сайты/Mundo копия/dmitry-hvac.ru/wp-content/themes/hvac/img/s3.png]
[C:/Мои Web Сайты/Mundo копия/dmitry-hvac.ru/wp-content/themes/hvac/img/s4.png]
[C:/Мои Web Сайты/Mundo копия/dmitry-hvac.ru/wp-content/themes/hvac/img/s5.png]
[C:/Мои Web Сайты/Mundo копия/dmitry-hvac.ru/wp-content/themes/hvac/img/s6.png]
[C:/Мои Web Сайты/Mundo копия/dmitry-hvac.ru/wp-content/themes/hvac/img/dh.jpg]
[C:/Мои Web Сайты/Mundo копия/dmitry-hvac.ru/wp-content/themes/hvac/img/dhmob.jpg]
[C:/Мои Web Сайты/Mundo копия/dmitry-hvac.ru/wp-content/themes/hvac/img/btnarrow.svg]
[C:/Мои Web Сайты/Mundo копия/dmitry-hvac.ru/wp-content/themes/hvac/img/ytb.svg]
[C:/Мои Web Сайты/Mundo копия/dmitry-hvac.ru/wp-content/themes/hvac/img/tgb.svg]
[C:/Мои Web Сайты/Mundo копия/dmitry-hvac.ru/wp-content/themes/hvac/img/vkb.svg]
[C:/Мои Web Сайты/Mundo копия/dmitry-hvac.ru/wp-content/themes/hvac/img/dzb.svg]
[C:/Мои Web Сайты/Mundo копия/dmitry-hvac.ru/wp-content/themes/hvac/img/logow.svg]
[C:/Мои Web Сайты/Mundo копия/dmitry-hvac.ru/wp-content/themes/hvac/js/navigation8a54.js]
[C:/Мои Web Сайты/Mundo копия/dmitry-hvac.ru/politic/index.html]
[C:/Мои Web Сайты/Mundo копия/dmitry-hvac.ru/index.html]
[C:/Мои Web Сайты/Mundo копия/dmitry-hvac.ru/wp-includes/css/dist/block-library/style.min6c2d.css]
[C:/Мои Web Сайты/Mundo копия/dmitry-hvac.ru/wp-content/themes/hvac/style8a54.css]
[C:/Мои Web Сайты/Mundo копия/dmitry-hvac.ru/wp-includes/js/jquery/jquery.minf43b.js]
[C:/Мои Web Сайты/Mundo копия/dmitry-hvac.ru/wp-includes/js/jquery/jquery-migrate.min5589.js]
[C:/Мои Web Сайты/Mundo копия/dmitry-hvac.ru/xmlrpc0db0.html]
[C:/Мои Web Сайты/Mundo копия/dmitry-hvac.ru/wp-content/themes/hvac/js/jquery-3.6.1.min.js]
[C:/Мои Web Сайты/Mundo копия/dmitry-hvac.ru/wp-content/themes/hvac/js/gsap/gsap.min.js]
[C:/Мои Web Сайты/Mundo копия/dmitry-hvac.ru/wp-content/themes/hvac/js/TweenMax.min.js]
[C:/Мои Web Сайты/Mundo копия/dmitry-hvac.ru/wp-content/themes/hvac/js/gsap/ScrollTrigger.js]
[C:/Мои Web Сайты/Mundo копия/dmitry-hvac.ru/wp-content/themes/hvac/js/gsap/ScrollToPlugin.min.js]
[C:/Мои Web Сайты/Mundo копия/dmitry-hvac.ru/wp-content/themes/hvac/js/splide.min.js]
[C:/Мои Web Сайты/Mundo копия/dmitry-hvac.ru/wp-content/themes/hvac/css/splide.min.css]
[C:/Мои Web Сайты/Mundo копия/dmitry-hvac.ru/wp-content/themes/hvac/fonts/Inter-Regular.eot]
[C:/Мои Web Сайты/Mundo копия/dmitry-hvac.ru/Version/index.html]
[C:/Мои Web Сайты/Mundo копия/dmitry-hvac.ru/wp-content/themes/hvac/fonts/Inter-Regulard41d.eot]
[C:/Мои Web Сайты/Mundo копия/dmitry-hvac.ru/wp-content/themes/hvac/fonts/Inter-Regular.woff2]
[C:/Мои Web Сайты/Mundo копия/dmitry-hvac.ru/wp-content/themes/hvac/fonts/Inter-Regular.ttf]
[C:/Мои Web Сайты/Mundo копия/dmitry-hvac.ru/wp-content/themes/hvac/fonts/Pragmatica-Book.eot]
[C:/Мои Web Сайты/Mundo копия/dmitry-hvac.ru/wp-content/themes/hvac/fonts/Pragmatica-Bookd41d.eot]
[C:/Мои Web Сайты/Mundo копия/dmitry-hvac.ru/wp-content/themes/hvac/fonts/Pragmatica-Book.woff2]
[C:/Мои Web Сайты/Mundo копия/dmitry-hvac.ru/wp-content/themes/hvac/fonts/Pragmatica-Book.ttf]
[C:/Мои Web Сайты/Mundo копия/dmitry-hvac.ru/wp-content/themes/hvac/fonts/Pragmatica-Light.eot]
[C:/Мои Web Сайты/Mundo копия/dmitry-hvac.ru/wp-content/themes/hvac/fonts/Pragmatica-Lightd41d.eot]
[C:/Мои Web Сайты/Mundo копия/dmitry-hvac.ru/wp-content/themes/hvac/fonts/Pragmatica-Light.woff2]
[C:/Мои Web Сайты/Mundo копия/dmitry-hvac.ru/wp-content/themes/hvac/fonts/Pragmatica-Light.ttf]
[C:/Мои Web Сайты/Mundo копия/dmitry-hvac.ru/wp-content/themes/hvac/fonts/Pragmatica-Medium.eot]
[C:/Мои Web Сайты/Mundo копия/dmitry-hvac.ru/wp-content/themes/hvac/fonts/Pragmatica-Mediumd41d.eot]
[C:/Мои Web Сайты/Mundo копия/dmitry-hvac.ru/wp-content/themes/hvac/fonts/Pragmatica-Medium.woff2]
[C:/Мои Web Сайты/Mundo копия/dmitry-hvac.ru/wp-content/themes/hvac/fonts/Pragmatica-Medium.ttf]
[C:/Мои Web Сайты/Mundo копия/dmitry-hvac.ru/wp-content/themes/hvac/fonts/Pragmatica-Bold.eot]
[C:/Мои Web Сайты/Mundo копия/dmitry-hvac.ru/wp-content/themes/hvac/fonts/Pragmatica-Boldd41d.eot]
[C:/Мои Web Сайты/Mundo копия/dmitry-hvac.ru/wp-content/themes/hvac/fonts/Pragmatica-Bold.woff2]
[C:/Мои Web Сайты/Mundo копия/dmitry-hvac.ru/wp-content/themes/hvac/fonts/Pragmatica-Bold.ttf]
[C:/Мои Web Сайты/Mundo копия/dmitry-hvac.ru/wp-content/themes/hvac/img/blur.png]
[C:/Мои Web Сайты/Mundo копия/dmitry-hvac.ru/wp-content/themes/hvac/css/style2.css]
[C:/Мои Web Сайты/Mundo копия/dmitry-hvac.ru/wp-content/themes/hvac/img/close.svg]
[C:/Мои Web Сайты/Mundo копия/dmitry-hvac.ru/wp-content/themes/hvac/img/wap.svg]
[C:/Мои Web Сайты/Mundo копия/dmitry-hvac.ru/wp-content/themes/hvac/img/tgm.svg]
[C:/Мои Web Сайты/Mundo копия/dmitry-hvac.ru/konsultatsiya/index.html]
[C:/Мои Web Сайты/Mundo копия/dmitry-hvac.ru/primery-rabot/index.html]
[C:/Мои Web Сайты/Mundo копия/dmitry-hvac.ru/blog/index.html]
[C:/Мои Web Сайты/Mundo копия/dmitry-hvac.ru/contacts/index.html]
[C:/Мои Web Сайты/Mundo копия/dmitry-hvac.ru/wp-content/themes/hvac/img/logo_head.svg]
[C:/Мои Web Сайты/Mundo копия/dmitry-hvac.ru/wp-content/themes/hvac/img/tg.svg]
[C:/Мои Web Сайты/Mundo копия/dmitry-hvac.ru/wp-content/themes/hvac/img/vk.svg]
[C:/Мои Web Сайты/Mundo копия/dmitry-hvac.ru/wp-content/themes/hvac/img/yt.svg]
[C:/Мои Web Сайты/Mundo копия/dmitry-hvac.ru/wp-content/themes/hvac/img/serv_arrow.svg]
[C:/Мои Web Сайты/Mundo копия/dmitry-hvac.ru/wp-content/themes/hvac/img/btnarrow_w.svg]
[C:/Мои Web Сайты/Mundo копия/dmitry-hvac.ru/wp-content/themes/hvac/img/btnarrow.svg]
[C:/Мои Web Сайты/Mundo копия/dmitry-hvac.ru/wp-content/themes/hvac/img/ytb.svg]
[C:/Мои Web Сайты/Mundo копия/dmitry-hvac.ru/wp-content/themes/hvac/img/tgb.svg]
[C:/Мои Web Сайты/Mundo копия/dmitry-hvac.ru/wp-content/themes/hvac/img/vkb.svg]
[C:/Мои Web Сайты/Mundo копия/dmitry-hvac.ru/wp-content/themes/hvac/img/dzb.svg]
[C:/Мои Web Сайты/Mundo копия/dmitry-hvac.ru/wp-content/themes/hvac/img/logow.svg]
[C:/Мои Web Сайты/Mundo копия/dmitry-hvac.ru/politic/index.html]
[C:/Мои Web Сайты/Mundo копия/dmitry-hvac.ru/wp-content/themes/hvac/js/navigation8a54.js]
[C:/Мои Web Сайты/Mundo копия/dmitry-hvac.ru/wp-content/themes/hvac/js/custom.html]
[C:/Мои Web Сайты/Mundo копия/dmitry-hvac.ru/Version/index.html]
[C:/Мои Web Сайты/Mundo копия/dmitry-hvac.ru/wp-content/themes/hvac/img/ytlogo.svg]
[C:/Мои Web Сайты/Mundo копия/dmitry-hvac.ru/wp-content/themes/hvac/img/ytlogo.svg]
